state	power	likelihood
4	1e-05	-30084.7
5	1e-05	-28407.5
6	1e-05	-28767.2
7	1e-05	-29279.2
8	1e-05	-27847.9
9	1e-05	-28063.7
10	1e-05	-29999.2
