state	power	likelihood
4	1.69351e-05	-31094.5
5	1.69351e-05	-29376.7
6	1.69351e-05	-28980.1
7	1.69351e-05	-28253.5
8	1.69351e-05	-29184.8
9	1.69351e-05	-29613
10	1.69351e-05	-31853.4
