state	power	likelihood
4	0.07776	-21665.8
5	0.07776	-21590.5
6	0.07776	-21639
7	0.07776	-21661.1
8	0.07776	-21684.4
9	0.07776	-21715.6
10	0.07776	-21684
