state	power	likelihood
4	0.03125	-21855.4
5	0.03125	-21825.9
6	0.03125	-21785.4
7	0.03125	-21865.1
8	0.03125	-21911.6
9	0.03125	-21944.2
10	0.03125	-22011.4
