state	power	likelihood
4	0.07776	-21507.5
5	0.07776	-21581.9
6	0.07776	-21580.1
7	0.07776	-21592.4
8	0.07776	-21505.2
9	0.07776	-21494.5
10	0.07776	-21467.6
