state	power	likelihood
4	0.00243	-25851.6
5	0.00243	-25754.3
6	0.00243	-25459.3
7	0.00243	-25643
8	0.00243	-26227.6
9	0.00243	-25892.3
10	0.00243	-25911.3
