state	power	likelihood
4	0.32768	-21310.7
5	0.32768	-21310.1
6	0.32768	-21293
7	0.32768	-21295.8
8	0.32768	-21292.7
9	0.32768	-21292.2
10	0.32768	-21292.3
