state	power	likelihood
4	0.00032	-28208.8
5	0.00032	-28267.8
6	0.00032	-28561.4
7	0.00032	-28165.8
8	0.00032	-28479
9	0.00032	-29252.6
10	0.00032	-28579.3
