state	power	likelihood
4	0.59049	-21287.1
5	0.59049	-21292.1
6	0.59049	-21294.3
7	0.59049	-21300.7
8	0.59049	-21301.1
9	0.59049	-21291.5
10	0.59049	-21287.5
