state	power	likelihood
4	0.000541923	-27155.8
5	0.000541923	-27179.3
6	0.000541923	-27147.2
7	0.000541923	-29331.5
8	0.000541923	-28834.3
9	0.000541923	-29235.5
10	0.000541923	-30243.5
