state	power	likelihood
4	0.59049	-21291.8
5	0.59049	-21269.2
6	0.59049	-21271
7	0.59049	-21272.4
8	0.59049	-21275.2
9	0.59049	-21278.7
10	0.59049	-21280.7
