state	power	likelihood
4	1.16658e-302	-30084.7
5	1.16658e-302	-28407.5
6	1.16658e-302	-28767.2
7	1.16658e-302	-29279.2
8	1.16658e-302	-27847.9
9	1.16658e-302	-28063.7
10	1.16658e-302	-29999.2
