state	power	likelihood
4	0.00243	-25028.5
5	0.00243	-24434.6
6	0.00243	-25128.6
7	0.00243	-25800.8
8	0.00243	-25747.7
9	0.00243	-25475.5
10	0.00243	-25107.1
