state	power	likelihood
4	0.01024	-23783.4
5	0.01024	-23829.4
6	0.01024	-24056.4
7	0.01024	-23839
8	0.01024	-23909.3
9	0.01024	-23680.3
10	0.01024	-23467.3
