state	power	likelihood
4	0.16807	-21323.3
5	0.16807	-21330.8
6	0.16807	-21354.1
7	0.16807	-21359.6
8	0.16807	-21353.7
9	0.16807	-21393.4
10	0.16807	-21377.5
