state	power	likelihood
4	0.0173415	-22221.3
5	0.0173415	-22066.9
6	0.0173415	-22153.7
7	0.0173415	-22226.5
8	0.0173415	-22390.8
9	0.0173415	-22336.6
10	0.0173415	-22358
