Marginal likelihood estimates when running the stones all at once:

Stepping-stone estimate: 	-21432.79	
Path-sampling estimate: 	-21394.41