state	power	likelihood
4	0.01024	-22520.3
5	0.01024	-22453
6	0.01024	-22683.9
7	0.01024	-23220.9
8	0.01024	-22865.1
9	0.01024	-22799.8
10	0.01024	-22876.6
