state	power	likelihood
4	1.16658e-302	-33256.3
5	1.16658e-302	-37486.9
6	1.16658e-302	-34905.4
7	1.16658e-302	-34000.5
8	1.16658e-302	-33910.8
9	1.16658e-302	-35508.1
10	1.16658e-302	-37614.8
