state	power	likelihood
4	0.0529221	-21558.6
5	0.0529221	-21612.3
6	0.0529221	-21634.6
7	0.0529221	-21696.2
8	0.0529221	-21664
9	0.0529221	-21630.6
10	0.0529221	-21621.8
