state	power	likelihood
4	0.554929	-21282.6
5	0.554929	-21282.6
6	0.554929	-21286
7	0.554929	-21293.6
8	0.554929	-21294.4
9	0.554929	-21295.4
10	0.554929	-21284.4
