state	power	likelihood
4	0.00032	-29490
5	0.00032	-29036.7
6	0.00032	-28736.3
7	0.00032	-28491.6
8	0.00032	-28519.2
9	0.00032	-28624.3
10	0.00032	-28387.7
