state	power	likelihood
4	0.32768	-21298.7
5	0.32768	-21314.2
6	0.32768	-21314
7	0.32768	-21320
8	0.32768	-21291.1
9	0.32768	-21283.1
10	0.32768	-21293.7
