state	power	likelihood
4	1	-21258.8
5	1	-21257
6	1	-21259.2
7	1	-21256.5
8	1	-21256.7
9	1	-21258
10	1	-21263.2
