state	power	likelihood
4	1e-05	-30043.5
5	1e-05	-32675.6
6	1e-05	-31524.3
7	1e-05	-33528.1
8	1e-05	-30590.3
9	1e-05	-31383.5
10	1e-05	-33182.8
