state	power	likelihood
4	0.16807	-21390.4
5	0.16807	-21371.5
6	0.16807	-21371.2
7	0.16807	-21369.3
8	0.16807	-21337.9
9	0.16807	-21340.4
10	0.16807	-21370.3
