state	power	likelihood
4	0.03125	-21855.5
5	0.03125	-21822.5
6	0.03125	-21863.5
7	0.03125	-21993.8
8	0.03125	-21990
9	0.03125	-21966
10	0.03125	-21911.3
