Marginal likelihood estimates when running the stones all at once:

Stepping-stone estimate: 	-21425.96	
Path-sampling estimate: 	-21394.97